# Populating and Modifying Tables

## Inserting Data

- In case of MySQL, we simply need to turn on the **auto-increment** feature for our primary key column.
- Normally, we'd do this at table creation. 

```bash
mysql> ALTER TABLE person MODIFY person_id SMALLINT UNSIGNED AUTO_INCREMENT;
ERROR 1833 (HY000): Cannot change column 'person_id': used in a foreign key constraint 'fk_fav_food_person_id' of table 'sakila.favorite_food'
```

- Since we are running these statements in our database, we will first need to disable the foreign key constraint on the `favorite_food` table.
- When finished, we can then re-enable the constraints.

```bash
mysql> set foreign_key_checks=0;
Query OK, 0 rows affected (0.00 sec)

mysql> ALTER TABLE person
    -> MODIFY person_id SMALLINT UNSIGNED AUTO_INCREMENT;
Query OK, 0 rows affected (2.99 sec)
Records: 0  Duplicates: 0  Warnings: 0

mysql> set foreign_key_checks=1;
Query OK, 0 rows affected (0.00 sec)
```



Now if we check our `person` table, we can see the auto-increment feature listed under the "Extra" column for `person_id`.

- By default, MySQL starts at 1 for auto-increment columns.

```bash
mysql> DESC person;
+-------------+----------------------+------+-----+---------+----------------+
| Field       | Type                 | Null | Key | Default | Extra          |
+-------------+----------------------+------+-----+---------+----------------+
| person_id   | smallint unsigned    | NO   | PRI | NULL    | auto_increment |
| fname       | varchar(20)          | YES  |     | NULL    |                |
| lname       | varchar(20)          | YES  |     | NULL    |                |
| eye_color   | enum('BR','BL','GR') | YES  |     | NULL    |                |
| birth_date  | date                 | YES  |     | NULL    |                |
| street      | varchar(30)          | YES  |     | NULL    |                |
| city        | varchar(20)          | YES  |     | NULL    |                |
| state       | varchar(20)          | YES  |     | NULL    |                |
| country     | varchar(20)          | YES  |     | NULL    |                |
| postal_code | varchar(20)          | YES  |     | NULL    |                |
+-------------+----------------------+------+-----+---------+----------------+
10 rows in set (0.01 sec)
```

### Insert Statement

- We won't provide values for any of the address columns since `null` are allowed for these columns.
- Even though we provided a string for the `birth_date` column, MySQL will convert the string to a date for us as long as we match the required format. (in this case, since it is `date` type, we can provide `YYYY-MM-DD`).

```bash
mysql> INSERT INTO person
    -> (person_id, fname, lname, eye_color, birth_date)
    -> VALUES(null,'William','Turner','BR','1972-05-27');
Query OK, 1 row affected (0.08 sec)
```

- We can look at the data just added to the table by issuing a `select` statement.
  - Since there's only one row in our `person` table, we can just simply retrieved all the rows.

```bash
mysql> SELECT person_id,fname,lname,birth_date
    -> FROM person;
+-----------+---------+--------+------------+
| person_id | fname   | lname  | birth_date |
+-----------+---------+--------+------------+
|         1 | William | Turner | 1972-05-27 |
+-----------+---------+--------+------------+
1 row in set (0.00 sec)
```

- The MySQL server generated a value of 1 for the primary key.
- If there were more than one row in the table, we could add a `where` clause to specify what we want to retrieve.

```bash
mysql> SELECT person_id,fname,lname,birth_date
    -> FROM person
    -> WHERE person_id=1;
+-----------+---------+--------+------------+
| person_id | fname   | lname  | birth_date |
+-----------+---------+--------+------------+
|         1 | William | Turner | 1972-05-27 |
+-----------+---------+--------+------------+
1 row in set (0.00 sec)

mysql> SELECT person_id,fname,lname,birth_date
    -> FROM person
    -> WHERE lname='Turner';
+-----------+---------+--------+------------+
| person_id | fname   | lname  | birth_date |
+-----------+---------+--------+------------+
|         1 | William | Turner | 1972-05-27 |
+-----------+---------+--------+------------+
1 row in set (0.00 sec)

mysql> SELECT person_id,fname,lname,birth_date
    -> FROM person
    -> WHERE fname='Chan';
Empty set (0.00 sec)
```

- If we try to find something that doesn't exist in the table, we get **Empty set**.



#### Inserting into `favorite_food` table

- William Turner has also provided information about his favorite three foods.

```bash
mysql> INSERT INTO favorite_food(person_id, food)
    -> VALUES (1, 'pizza');
Query OK, 1 row affected (0.06 sec)

mysql> INSERT INTO favorite_food(person_id, food)
    -> VALUES (1, 'cookies');
Query OK, 1 row affected (0.09 sec)

mysql> INSERT INTO favorite_food (person_id, food)
    -> VALUES (1, 'nachos');
Query OK, 1 row affected (0.08 sec)
```

- A query to retrieve William's favorite foods in alphabetical order.
  - The `order by` tells the server how to sort the data returned by the query.

```bash
mysql> SELECT food
    -> FROM favorite_food
    -> WHERE person_id = 1
    -> ORDER BY food;
+---------+
| food    |
+---------+
| cookies |
| nachos  |
| pizza   |
+---------+
3 rows in set (0.00 sec)
```

#### Adding one more user

```bash
mysql> INSERT INTO person
    -> (person_id, fname, lname, eye_color, birth_date,
    -> street, city, state, country, postal_code)
    -> VALUES (null, 'Susan', 'Smith', 'BL', '1975-11-02',
    -> '23 Maple St.', 'Arlington', 'VA', 'USA', '20220');
Query OK, 1 row affected (0.10 sec)
```

- If we query the table again:

```bash
mysql> SELECT person_id, fname, lname, birth_date
    -> FROM person;
+-----------+---------+--------+------------+
| person_id | fname   | lname  | birth_date |
+-----------+---------+--------+------------+
|         1 | William | Turner | 1972-05-27 |
|         2 | Susan   | Smith  | 1975-11-02 |
+-----------+---------+--------+------------+
2 rows in set (0.00 sec)
```



## Inserting into the same Primary Key Id

```bash
mysql> INSERT INTO person
    -> (person_id, fname, lname, eye_color, birth_date)
    -> VALUES (1, 'Charles', 'Fulton', 'GR', '1968-01-15');
ERROR 1062 (23000): Duplicate entry '1' for key 'person.PRIMARY'
```

#### Nonexistent Foreign Key

- The `favorite_food` table includes a foreign key constraint on the `person_id` column.
  - It ensures that all values of `person_id` entered into the `favorite_food` table exist in the `person` table.

```bash
mysql> INSERT INTO favorite_food (person_id,food)
    -> VALUES (999, 'lasagna');
ERROR 1452 (23000): Cannot add or update a child row: a foreign key constraint fails (`sakila`.`favorite_food`, CONSTRAINT `fk_fav_food_person_id` FOREIGN KEY (`person_id`) REFERENCES `person` (`person_id`))
```

- In this case, the `favorite_food` table is considered the child and the `person` table as the parent.
  - Since the `favorite_food` table is dependent on the `person` table for some of its data.
- If we plan to enter data into both tables, we will need to create a row in `parent` before we can enter data into `favorite_food`.

---

