# Updating Data

```bash
mysql> UPDATE person
    -> SET street = '1225 Tremont St.',
    -> city = 'Boston',
    -> state = 'MA',
    -> country = 'USA',
    -> postal_code = '02138'
    -> WHERE person_id = 1;
Query OK, 1 row affected (0.09 sec)
Rows matched: 1  Changed: 1  Warnings: 0
```

```bash
mysql> SELECT * FROM person;
+-----------+---------+--------+-----------+------------+------------------+-----------+-------+---------+-------------+
| person_id | fname   | lname  | eye_color | birth_date | street           | city      | state | country | postal_code |
+-----------+---------+--------+-----------+------------+------------------+-----------+-------+---------+-------------+
|         1 | William | Turner | BR        | 1972-05-27 | 1225 Tremont St. | Boston    | MA    | USA     | 02138       |
|         2 | Susan   | Smith  | BL        | 1975-11-02 | 23 Maple St.     | Arlington | VA    | USA     | 20220       |
+-----------+---------+--------+-----------+------------+------------------+-----------+-------+---------+-------------+
2 rows in set (0.00 sec)
```



- It's possible to modify more than one row using a single statement.

```bash
WHERE person_id < 10
```

---

## Column Value Violations

- The `eye_color` column in the `person` table is restricted to certain values.
- If we mistakenly attempt to set any other values:

```bash
mysql> UPDATE person
    -> SET eye_color = 'ZZ'
    -> WHERE person_id = 1;
ERROR 1265 (01000): Data truncated for column 'eye_color' at row 1
```

---

## Invalid Date Conversions

- If the input string does not match the expected format in a `date` column,

```bash
mysql> UPDATE person
    -> SET birth_date = 'DEC-21-1980'
    -> WHERE person_id = 1;
ERROR 1292 (22007): Incorrect date value: 'DEC-21-1980' for column 'birth_date' at row 1
```

- We can use `str_to_date` function to specify which format string to use.

```bash
mysql> UPDATE person
    -> SET birth_date = str_to_date('DEC-21-1980', '%b-%d-%Y')
    -> WHERE person_id = 1;
Query OK, 1 row affected (0.07 sec)
Rows matched: 1  Changed: 1  Warnings: 0
```

```bash
mysql> UPDATE person
    -> SET birth_date = str_to_date('DEC-21-1980', '%b-%d-%Y')
    -> WHERE person_id = 1;
Query OK, 1 row affected (0.07 sec)
Rows matched: 1  Changed: 1  Warnings: 0
```

```bash
mysql> SELECT * FROM person;
+-----------+---------+--------+-----------+------------+------------------+--------+-------+---------+-------------+
| person_id | fname   | lname  | eye_color | birth_date | street           | city   | state | country | postal_code |
+-----------+---------+--------+-----------+------------+------------------+--------+-------+---------+-------------+
|         1 | William | Turner | BR        | 1980-12-21 | 1225 Tremont St. | Boston | MA    | USA     | 02138       |
+-----------+---------+--------+-----------+------------+------------------+--------+-------+---------+-------------+
1 row in set (0.00 sec)
```

